22:57:08 done return h1 candidate_6 in 106 s
22:57:25 done return h1 A in 123 s
22:58:03 done return h1 repr_svi in 161 s
22:58:45 done return h1 B in 203 s
22:59:22 done return h1 D in 240 s
22:59:29 done return h1 C in 247 s
23:00:01 done return h1 repr_bkm in 118 s
23:00:18 done return h1 repr_grid_raw in 172 s
23:00:34 done return h3 A in 109 s
23:00:39 done return h1 repr_grid in 211 s
23:01:32 done return h3 candidate_6 in 91 s
23:02:48 done return h3 B in 206 s
23:02:55 done return h3 repr_svi in 141 s
23:03:16 done return h3 C in 227 s
23:04:15 done return h3 repr_grid in 215 s
23:04:23 done return h3 repr_grid_raw in 172 s
23:04:24 done return h3 D in 246 s
23:04:37 done return h3 repr_bkm in 108 s
23:04:39 done return h5 A in 104 s
23:05:56 done return h5 candidate_6 in 92 s
23:06:25 done return h5 B in 188 s
23:07:05 done return h5 repr_svi in 148 s
23:08:20 done return h5 repr_bkm in 115 s
23:08:34 done return h5 repr_grid in 234 s
23:08:35 done return h5 D in 251 s
23:08:47 done return h5 C in 272 s
23:08:47 done return h5 repr_grid_raw in 171 s
23:13:12 done volatility h1 A in 264 s
23:13:37 done volatility h5 A in 289 s
23:13:38 done volatility h3 A in 290 s
23:17:47 done volatility h1 D in 539 s
23:18:56 done volatility h3 D in 608 s
23:19:14 done volatility h5 D in 626 s
