18:37:17 done return h1 candidate_6 in 96 s
18:37:55 done return h1 A in 135 s
18:38:39 done return h1 repr_svi in 178 s
18:38:55 done return h1 B in 194 s
18:39:24 done return h1 repr_grid in 224 s
18:39:39 done return h1 C in 239 s
18:39:46 done return h1 D in 246 s
18:40:11 done return h1 repr_bkm in 136 s
18:40:15 done return h1 repr_grid_raw in 178 s
18:40:46 done return h3 A in 127 s
18:41:20 done return h3 candidate_6 in 101 s
18:42:29 done return h3 B in 214 s
18:43:03 done return h3 repr_svi in 172 s
18:43:36 done return h3 C in 251 s
18:43:39 done return h3 repr_bkm in 139 s
18:44:10 done return h3 repr_grid_raw in 205 s
18:44:30 done return h3 repr_grid in 255 s
18:44:40 done return h5 A in 132 s
18:44:44 done return h3 D in 298 s
18:45:14 done return h5 candidate_6 in 95 s
18:46:27 done return h5 B in 204 s
18:47:09 done return h5 repr_svi in 159 s
18:47:32 done return h5 repr_bkm in 138 s
18:48:20 done return h5 repr_grid_raw in 215 s
18:48:34 done return h5 C in 299 s
18:49:04 done return h5 D in 293 s
18:49:08 done return h5 repr_grid in 268 s
18:52:27 done volatility h1 A in 360 s
18:52:31 done volatility h1 candidate_6 in 251 s
18:54:52 done volatility h1 B in 463 s
18:56:11 done volatility h1 repr_svi in 427 s
18:56:39 done volatility h1 C in 547 s
18:58:05 done volatility h1 repr_bkm in 334 s
18:59:26 done volatility h1 repr_grid in 617 s
19:00:13 done volatility h3 A in 321 s
19:00:38 done volatility h1 D in 723 s
19:00:43 done volatility h1 repr_grid_raw in 495 s
19:01:59 done volatility h3 candidate_6 in 234 s
19:03:42 done volatility h3 B in 451 s
