18:37:17 done return h1 candidate_6 in 96 s
18:37:55 done return h1 A in 135 s
/Users/pia/Library/Python/3.9/lib/python/site-packages/numpy/lib/_nanfunctions_impl.py:1634: RuntimeWarning: All-NaN slice encountered
  return fnb._ureduce(a,
/Users/pia/Library/Python/3.9/lib/python/site-packages/numpy/lib/_nanfunctions_impl.py:1634: RuntimeWarning: All-NaN slice encountered
  return fnb._ureduce(a,
/Users/pia/Library/Python/3.9/lib/python/site-packages/numpy/lib/_nanfunctions_impl.py:1634: RuntimeWarning: All-NaN slice encountered
  return fnb._ureduce(a,
/Users/pia/Library/Python/3.9/lib/python/site-packages/numpy/lib/_nanfunctions_impl.py:1634: RuntimeWarning: All-NaN slice encountered
  return fnb._ureduce(a,
18:38:39 done return h1 repr_svi in 178 s
/Users/pia/Library/Python/3.9/lib/python/site-packages/numpy/lib/_nanfunctions_impl.py:1634: RuntimeWarning: All-NaN slice encountered
  return fnb._ureduce(a,
/Users/pia/Library/Python/3.9/lib/python/site-packages/numpy/lib/_nanfunctions_impl.py:1634: RuntimeWarning: All-NaN slice encountered
  return fnb._ureduce(a,
/Users/pia/Library/Python/3.9/lib/python/site-packages/numpy/lib/_nanfunctions_impl.py:1634: RuntimeWarning: All-NaN slice encountered
  return fnb._ureduce(a,
/Users/pia/Library/Python/3.9/lib/python/site-packages/numpy/lib/_nanfunctions_impl.py:1634: RuntimeWarning: All-NaN slice encountered
  return fnb._ureduce(a,
18:38:55 done return h1 B in 194 s
18:39:24 done return h1 repr_grid in 224 s
18:39:39 done return h1 C in 239 s
18:39:46 done return h1 D in 246 s
18:40:11 done return h1 repr_bkm in 136 s
18:40:15 done return h1 repr_grid_raw in 178 s
18:40:46 done return h3 A in 127 s
18:41:20 done return h3 candidate_6 in 101 s
/Users/pia/Library/Python/3.9/lib/python/site-packages/numpy/lib/_nanfunctions_impl.py:1634: RuntimeWarning: All-NaN slice encountered
  return fnb._ureduce(a,
/Users/pia/Library/Python/3.9/lib/python/site-packages/numpy/lib/_nanfunctions_impl.py:1634: RuntimeWarning: All-NaN slice encountered
  return fnb._ureduce(a,
/Users/pia/Library/Python/3.9/lib/python/site-packages/numpy/lib/_nanfunctions_impl.py:1634: RuntimeWarning: All-NaN slice encountered
  return fnb._ureduce(a,
/Users/pia/Library/Python/3.9/lib/python/site-packages/numpy/lib/_nanfunctions_impl.py:1634: RuntimeWarning: All-NaN slice encountered
  return fnb._ureduce(a,
18:42:29 done return h3 B in 214 s
/Users/pia/Library/Python/3.9/lib/python/site-packages/numpy/lib/_nanfunctions_impl.py:1634: RuntimeWarning: All-NaN slice encountered
  return fnb._ureduce(a,
/Users/pia/Library/Python/3.9/lib/python/site-packages/numpy/lib/_nanfunctions_impl.py:1634: RuntimeWarning: All-NaN slice encountered
  return fnb._ureduce(a,
/Users/pia/Library/Python/3.9/lib/python/site-packages/numpy/lib/_nanfunctions_impl.py:1634: RuntimeWarning: All-NaN slice encountered
  return fnb._ureduce(a,
/Users/pia/Library/Python/3.9/lib/python/site-packages/numpy/lib/_nanfunctions_impl.py:1634: RuntimeWarning: All-NaN slice encountered
  return fnb._ureduce(a,
/Users/pia/Library/Python/3.9/lib/python/site-packages/sklearn/linear_model/_coordinate_descent.py:695: ConvergenceWarning: Objective did not converge. You might want to increase the number of iterations, check the scale of the features or consider increasing regularisation. Duality gap: 2.526e-01, tolerance: 8.237e-03
  model = cd_fast.enet_coordinate_descent(
/Users/pia/Library/Python/3.9/lib/python/site-packages/sklearn/linear_model/_coordinate_descent.py:695: ConvergenceWarning: Objective did not converge. You might want to increase the number of iterations, check the scale of the features or consider increasing regularisation. Duality gap: 1.697e-01, tolerance: 7.112e-03
  model = cd_fast.enet_coordinate_descent(
/Users/pia/Library/Python/3.9/lib/python/site-packages/sklearn/linear_model/_coordinate_descent.py:695: ConvergenceWarning: Objective did not converge. You might want to increase the number of iterations, check the scale of the features or consider increasing regularisation. Duality gap: 9.403e-02, tolerance: 1.056e-02
  model = cd_fast.enet_coordinate_descent(
/Users/pia/Library/Python/3.9/lib/python/site-packages/sklearn/linear_model/_coordinate_descent.py:695: ConvergenceWarning: Objective did not converge. You might want to increase the number of iterations, check the scale of the features or consider increasing regularisation. Duality gap: 3.721e-02, tolerance: 9.077e-03
  model = cd_fast.enet_coordinate_descent(
/Users/pia/Library/Python/3.9/lib/python/site-packages/sklearn/linear_model/_coordinate_descent.py:695: ConvergenceWarning: Objective did not converge. You might want to increase the number of iterations, check the scale of the features or consider increasing regularisation. Duality gap: 1.450e-01, tolerance: 1.216e-02
  model = cd_fast.enet_coordinate_descent(
/Users/pia/Library/Python/3.9/lib/python/site-packages/sklearn/linear_model/_coordinate_descent.py:695: ConvergenceWarning: Objective did not converge. You might want to increase the number of iterations, check the scale of the features or consider increasing regularisation. Duality gap: 7.993e-02, tolerance: 1.026e-02
  model = cd_fast.enet_coordinate_descent(
18:43:03 done return h3 repr_svi in 172 s
18:43:36 done return h3 C in 251 s
18:43:39 done return h3 repr_bkm in 139 s
/Users/pia/Library/Python/3.9/lib/python/site-packages/sklearn/linear_model/_coordinate_descent.py:695: ConvergenceWarning: Objective did not converge. You might want to increase the number of iterations, check the scale of the features or consider increasing regularisation. Duality gap: 1.517e-02, tolerance: 7.112e-03
  model = cd_fast.enet_coordinate_descent(
/Users/pia/Library/Python/3.9/lib/python/site-packages/sklearn/linear_model/_coordinate_descent.py:695: ConvergenceWarning: Objective did not converge. You might want to increase the number of iterations, check the scale of the features or consider increasing regularisation. Duality gap: 1.839e-02, tolerance: 1.216e-02
  model = cd_fast.enet_coordinate_descent(
/Users/pia/Library/Python/3.9/lib/python/site-packages/sklearn/linear_model/_coordinate_descent.py:695: ConvergenceWarning: Objective did not converge. You might want to increase the number of iterations, check the scale of the features or consider increasing regularisation. Duality gap: 1.619e-02, tolerance: 1.026e-02
  model = cd_fast.enet_coordinate_descent(
/Users/pia/Library/Python/3.9/lib/python/site-packages/sklearn/linear_model/_coordinate_descent.py:695: ConvergenceWarning: Objective did not converge. You might want to increase the number of iterations, check the scale of the features or consider increasing regularisation. Duality gap: 8.641e-03, tolerance: 8.237e-03
  model = cd_fast.enet_coordinate_descent(
/Users/pia/Library/Python/3.9/lib/python/site-packages/sklearn/linear_model/_coordinate_descent.py:695: ConvergenceWarning: Objective did not converge. You might want to increase the number of iterations, check the scale of the features or consider increasing regularisation. Duality gap: 8.144e-03, tolerance: 7.112e-03
  model = cd_fast.enet_coordinate_descent(
/Users/pia/Library/Python/3.9/lib/python/site-packages/sklearn/linear_model/_coordinate_descent.py:695: ConvergenceWarning: Objective did not converge. You might want to increase the number of iterations, check the scale of the features or consider increasing regularisation. Duality gap: 2.721e-02, tolerance: 9.077e-03
  model = cd_fast.enet_coordinate_descent(
/Users/pia/Library/Python/3.9/lib/python/site-packages/sklearn/linear_model/_coordinate_descent.py:695: ConvergenceWarning: Objective did not converge. You might want to increase the number of iterations, check the scale of the features or consider increasing regularisation. Duality gap: 2.606e-02, tolerance: 1.216e-02
  model = cd_fast.enet_coordinate_descent(
/Users/pia/Library/Python/3.9/lib/python/site-packages/sklearn/linear_model/_coordinate_descent.py:695: ConvergenceWarning: Objective did not converge. You might want to increase the number of iterations, check the scale of the features or consider increasing regularisation. Duality gap: 2.836e-02, tolerance: 1.026e-02
  model = cd_fast.enet_coordinate_descent(
18:44:10 done return h3 repr_grid_raw in 205 s
18:44:30 done return h3 repr_grid in 255 s
18:44:40 done return h5 A in 132 s
18:44:44 done return h3 D in 298 s
18:45:14 done return h5 candidate_6 in 95 s
/Users/pia/Library/Python/3.9/lib/python/site-packages/numpy/lib/_nanfunctions_impl.py:1634: RuntimeWarning: All-NaN slice encountered
  return fnb._ureduce(a,
/Users/pia/Library/Python/3.9/lib/python/site-packages/numpy/lib/_nanfunctions_impl.py:1634: RuntimeWarning: All-NaN slice encountered
  return fnb._ureduce(a,
/Users/pia/Library/Python/3.9/lib/python/site-packages/numpy/lib/_nanfunctions_impl.py:1634: RuntimeWarning: All-NaN slice encountered
  return fnb._ureduce(a,
/Users/pia/Library/Python/3.9/lib/python/site-packages/numpy/lib/_nanfunctions_impl.py:1634: RuntimeWarning: All-NaN slice encountered
  return fnb._ureduce(a,
18:46:27 done return h5 B in 204 s
18:47:09 done return h5 repr_svi in 159 s
18:47:32 done return h5 repr_bkm in 138 s
/Users/pia/Library/Python/3.9/lib/python/site-packages/numpy/lib/_nanfunctions_impl.py:1634: RuntimeWarning: All-NaN slice encountered
  return fnb._ureduce(a,
/Users/pia/Library/Python/3.9/lib/python/site-packages/numpy/lib/_nanfunctions_impl.py:1634: RuntimeWarning: All-NaN slice encountered
  return fnb._ureduce(a,
/Users/pia/Library/Python/3.9/lib/python/site-packages/numpy/lib/_nanfunctions_impl.py:1634: RuntimeWarning: All-NaN slice encountered
  return fnb._ureduce(a,
/Users/pia/Library/Python/3.9/lib/python/site-packages/numpy/lib/_nanfunctions_impl.py:1634: RuntimeWarning: All-NaN slice encountered
  return fnb._ureduce(a,
/Users/pia/Library/Python/3.9/lib/python/site-packages/sklearn/linear_model/_coordinate_descent.py:695: ConvergenceWarning: Objective did not converge. You might want to increase the number of iterations, check the scale of the features or consider increasing regularisation. Duality gap: 1.510e-02, tolerance: 1.311e-02
  model = cd_fast.enet_coordinate_descent(
/Users/pia/Library/Python/3.9/lib/python/site-packages/sklearn/linear_model/_coordinate_descent.py:695: ConvergenceWarning: Objective did not converge. You might want to increase the number of iterations, check the scale of the features or consider increasing regularisation. Duality gap: 3.940e-02, tolerance: 1.972e-02
  model = cd_fast.enet_coordinate_descent(
/Users/pia/Library/Python/3.9/lib/python/site-packages/sklearn/linear_model/_coordinate_descent.py:695: ConvergenceWarning: Objective did not converge. You might want to increase the number of iterations, check the scale of the features or consider increasing regularisation. Duality gap: 9.737e-01, tolerance: 1.311e-02
  model = cd_fast.enet_coordinate_descent(
/Users/pia/Library/Python/3.9/lib/python/site-packages/sklearn/linear_model/_coordinate_descent.py:695: ConvergenceWarning: Objective did not converge. You might want to increase the number of iterations, check the scale of the features or consider increasing regularisation. Duality gap: 6.653e-01, tolerance: 1.120e-02
  model = cd_fast.enet_coordinate_descent(
/Users/pia/Library/Python/3.9/lib/python/site-packages/sklearn/linear_model/_coordinate_descent.py:695: ConvergenceWarning: Objective did not converge. You might want to increase the number of iterations, check the scale of the features or consider increasing regularisation. Duality gap: 1.873e+00, tolerance: 1.693e-02
  model = cd_fast.enet_coordinate_descent(
/Users/pia/Library/Python/3.9/lib/python/site-packages/sklearn/linear_model/_coordinate_descent.py:695: ConvergenceWarning: Objective did not converge. You might want to increase the number of iterations, check the scale of the features or consider increasing regularisation. Duality gap: 1.422e+00, tolerance: 1.422e-02
  model = cd_fast.enet_coordinate_descent(
/Users/pia/Library/Python/3.9/lib/python/site-packages/sklearn/linear_model/_coordinate_descent.py:695: ConvergenceWarning: Objective did not converge. You might want to increase the number of iterations, check the scale of the features or consider increasing regularisation. Duality gap: 2.296e+00, tolerance: 1.972e-02
  model = cd_fast.enet_coordinate_descent(
/Users/pia/Library/Python/3.9/lib/python/site-packages/sklearn/linear_model/_coordinate_descent.py:695: ConvergenceWarning: Objective did not converge. You might want to increase the number of iterations, check the scale of the features or consider increasing regularisation. Duality gap: 1.713e+00, tolerance: 1.622e-02
  model = cd_fast.enet_coordinate_descent(
/Users/pia/Library/Python/3.9/lib/python/site-packages/sklearn/linear_model/_coordinate_descent.py:695: ConvergenceWarning: Objective did not converge. You might want to increase the number of iterations, check the scale of the features or consider increasing regularisation. Duality gap: 1.513e-02, tolerance: 1.190e-02
  model = cd_fast.enet_coordinate_descent(
18:48:20 done return h5 repr_grid_raw in 215 s
/Users/pia/Library/Python/3.9/lib/python/site-packages/sklearn/linear_model/_coordinate_descent.py:695: ConvergenceWarning: Objective did not converge. You might want to increase the number of iterations, check the scale of the features or consider increasing regularisation. Duality gap: 1.782e-01, tolerance: 1.972e-02
  model = cd_fast.enet_coordinate_descent(
/Users/pia/Library/Python/3.9/lib/python/site-packages/sklearn/linear_model/_coordinate_descent.py:695: ConvergenceWarning: Objective did not converge. You might want to increase the number of iterations, check the scale of the features or consider increasing regularisation. Duality gap: 6.110e-02, tolerance: 1.622e-02
  model = cd_fast.enet_coordinate_descent(
/Users/pia/Library/Python/3.9/lib/python/site-packages/sklearn/linear_model/_coordinate_descent.py:695: ConvergenceWarning: Objective did not converge. You might want to increase the number of iterations, check the scale of the features or consider increasing regularisation. Duality gap: 5.409e-02, tolerance: 1.311e-02
  model = cd_fast.enet_coordinate_descent(
/Users/pia/Library/Python/3.9/lib/python/site-packages/sklearn/linear_model/_coordinate_descent.py:695: ConvergenceWarning: Objective did not converge. You might want to increase the number of iterations, check the scale of the features or consider increasing regularisation. Duality gap: 3.170e-01, tolerance: 1.693e-02
  model = cd_fast.enet_coordinate_descent(
/Users/pia/Library/Python/3.9/lib/python/site-packages/sklearn/linear_model/_coordinate_descent.py:695: ConvergenceWarning: Objective did not converge. You might want to increase the number of iterations, check the scale of the features or consider increasing regularisation. Duality gap: 1.883e-02, tolerance: 1.422e-02
  model = cd_fast.enet_coordinate_descent(
18:48:34 done return h5 C in 299 s
/Users/pia/Library/Python/3.9/lib/python/site-packages/sklearn/linear_model/_coordinate_descent.py:695: ConvergenceWarning: Objective did not converge. You might want to increase the number of iterations, check the scale of the features or consider increasing regularisation. Duality gap: 3.741e-01, tolerance: 1.972e-02
  model = cd_fast.enet_coordinate_descent(
/Users/pia/Library/Python/3.9/lib/python/site-packages/sklearn/linear_model/_coordinate_descent.py:695: ConvergenceWarning: Objective did not converge. You might want to increase the number of iterations, check the scale of the features or consider increasing regularisation. Duality gap: 1.419e-01, tolerance: 1.622e-02
  model = cd_fast.enet_coordinate_descent(
18:49:04 done return h5 D in 293 s
18:49:08 done return h5 repr_grid in 268 s
18:52:27 done volatility h1 A in 360 s
18:52:31 done volatility h1 candidate_6 in 251 s
/Users/pia/Library/Python/3.9/lib/python/site-packages/numpy/lib/_nanfunctions_impl.py:1634: RuntimeWarning: All-NaN slice encountered
  return fnb._ureduce(a,
/Users/pia/Library/Python/3.9/lib/python/site-packages/numpy/lib/_nanfunctions_impl.py:1634: RuntimeWarning: All-NaN slice encountered
  return fnb._ureduce(a,
/Users/pia/Library/Python/3.9/lib/python/site-packages/numpy/lib/_nanfunctions_impl.py:1634: RuntimeWarning: All-NaN slice encountered
  return fnb._ureduce(a,
/Users/pia/Library/Python/3.9/lib/python/site-packages/numpy/lib/_nanfunctions_impl.py:1634: RuntimeWarning: All-NaN slice encountered
  return fnb._ureduce(a,
/Users/pia/Library/Python/3.9/lib/python/site-packages/numpy/lib/_nanfunctions_impl.py:1634: RuntimeWarning: All-NaN slice encountered
  return fnb._ureduce(a,
/Users/pia/Library/Python/3.9/lib/python/site-packages/numpy/lib/_nanfunctions_impl.py:1634: RuntimeWarning: All-NaN slice encountered
  return fnb._ureduce(a,
18:54:52 done volatility h1 B in 463 s
/Users/pia/Library/Python/3.9/lib/python/site-packages/numpy/lib/_nanfunctions_impl.py:1634: RuntimeWarning: All-NaN slice encountered
  return fnb._ureduce(a,
/Users/pia/Library/Python/3.9/lib/python/site-packages/numpy/lib/_nanfunctions_impl.py:1634: RuntimeWarning: All-NaN slice encountered
  return fnb._ureduce(a,
18:56:11 done volatility h1 repr_svi in 427 s
18:56:39 done volatility h1 C in 547 s
18:58:05 done volatility h1 repr_bkm in 334 s
18:59:26 done volatility h1 repr_grid in 617 s
19:00:13 done volatility h3 A in 321 s
19:00:38 done volatility h1 D in 723 s
19:00:43 done volatility h1 repr_grid_raw in 495 s
/Users/pia/Library/Python/3.9/lib/python/site-packages/numpy/lib/_nanfunctions_impl.py:1634: RuntimeWarning: All-NaN slice encountered
  return fnb._ureduce(a,
/Users/pia/Library/Python/3.9/lib/python/site-packages/numpy/lib/_nanfunctions_impl.py:1634: RuntimeWarning: All-NaN slice encountered
  return fnb._ureduce(a,
19:01:59 done volatility h3 candidate_6 in 234 s
/Users/pia/Library/Python/3.9/lib/python/site-packages/numpy/lib/_nanfunctions_impl.py:1634: RuntimeWarning: All-NaN slice encountered
  return fnb._ureduce(a,
/Users/pia/Library/Python/3.9/lib/python/site-packages/numpy/lib/_nanfunctions_impl.py:1634: RuntimeWarning: All-NaN slice encountered
  return fnb._ureduce(a,
19:03:42 done volatility h3 B in 451 s
/Users/pia/Library/Python/3.9/lib/python/site-packages/numpy/lib/_nanfunctions_impl.py:1634: RuntimeWarning: All-NaN slice encountered
  return fnb._ureduce(a,
/Users/pia/Library/Python/3.9/lib/python/site-packages/numpy/lib/_nanfunctions_impl.py:1634: RuntimeWarning: All-NaN slice encountered
  return fnb._ureduce(a,
/Users/pia/Library/Python/3.9/lib/python/site-packages/numpy/lib/_nanfunctions_impl.py:1634: RuntimeWarning: All-NaN slice encountered
  return fnb._ureduce(a,
/Users/pia/Library/Python/3.9/lib/python/site-packages/numpy/lib/_nanfunctions_impl.py:1634: RuntimeWarning: All-NaN slice encountered
  return fnb._ureduce(a,
/Library/Developer/CommandLineTools/Library/Frameworks/Python3.framework/Versions/3.9/lib/python3.9/multiprocessing/resource_tracker.py:216: UserWarning: resource_tracker: There appear to be 6 leaked semaphore objects to clean up at shutdown
  warnings.warn('resource_tracker: There appear to be %d '
